File write test successful